[   0.000] stream 1: presentation screen id=5 max_fps=160
[   0.004] socket buffers: receive 4194304, send 4194304 bytes
[   0.004] connecting to 192.168.15.5:37373 from port 63821, with 1 video streams
[   0.010] session 94ab45c5 established, datagrams up to 1200 bytes, no FEC, video streams [1]
[   5.025] stream 1: 88 decoded fps · 5.3 connection Mb/s · RTT 4.8 ms · lost 6 · keyframes 3 · FEC-repaired 0 · NACKed 0 · decode 2.05 ms · decode wait 0.04 ms · decode queue drops 6 · send errors 0 · receive errors 0 · 0 datagrams dropped on purpose
[  10.051] stream 1: 89 decoded fps · 5.2 connection Mb/s · RTT 3.5 ms · lost 6 · keyframes 3 · FEC-repaired 0 · NACKed 0 · decode 1.98 ms · decode wait 0.04 ms · decode queue drops 6 · send errors 0 · receive errors 0 · 0 datagrams dropped on purpose
[  15.062] stream 1: 89 decoded fps · 5.4 connection Mb/s · RTT 3.6 ms · lost 6 · keyframes 3 · FEC-repaired 0 · NACKed 0 · decode 2.05 ms · decode wait 0.04 ms · decode queue drops 6 · send errors 0 · receive errors 0 · 0 datagrams dropped on purpose
[  20.073] stream 1: 90 decoded fps · 5.1 connection Mb/s · RTT 5.3 ms · lost 6 · keyframes 3 · FEC-repaired 0 · NACKed 0 · decode 2.14 ms · decode wait 0.05 ms · decode queue drops 6 · send errors 0 · receive errors 0 · 0 datagrams dropped on purpose
[  25.091] stream 1: 88 decoded fps · 5.1 connection Mb/s · RTT 4.3 ms · lost 6 · keyframes 3 · FEC-repaired 0 · NACKed 0 · decode 2.28 ms · decode wait 0.06 ms · decode queue drops 6 · send errors 0 · receive errors 0 · 0 datagrams dropped on purpose
[  30.118] stream 1: 85 decoded fps · 5.5 connection Mb/s · RTT 3.7 ms · lost 6 · keyframes 3 · FEC-repaired 0 · NACKed 0 · decode 1.93 ms · decode wait 0.03 ms · decode queue drops 6 · send errors 0 · receive errors 0 · 0 datagrams dropped on purpose
[  35.137] stream 1: 89 decoded fps · 5.4 connection Mb/s · RTT 5.4 ms · lost 6 · keyframes 3 · FEC-repaired 0 · NACKed 0 · decode 2.34 ms · decode wait 0.07 ms · decode queue drops 6 · send errors 0 · receive errors 0 · 0 datagrams dropped on purpose
[  40.158] stream 1: 91 decoded fps · 6.6 connection Mb/s · RTT 5.6 ms · lost 6 · keyframes 3 · FEC-repaired 0 · NACKed 0 · decode 2.32 ms · decode wait 0.06 ms · decode queue drops 6 · send errors 0 · receive errors 0 · 0 datagrams dropped on purpose
[  45.175] stream 1: 90 decoded fps · 6.7 connection Mb/s · RTT 4.4 ms · lost 6 · keyframes 3 · FEC-repaired 0 · NACKed 0 · decode 2.28 ms · decode wait 0.06 ms · decode queue drops 6 · send errors 0 · receive errors 0 · 0 datagrams dropped on purpose
[  50.228] stream 1: 87 decoded fps · 5.7 connection Mb/s · RTT 4.4 ms · lost 6 · keyframes 3 · FEC-repaired 0 · NACKed 0 · decode 2.26 ms · decode wait 0.06 ms · decode queue drops 6 · send errors 0 · receive errors 0 · 0 datagrams dropped on purpose
[  55.242] stream 1: 88 decoded fps · 5.5 connection Mb/s · RTT 4.5 ms · lost 6 · keyframes 3 · FEC-repaired 0 · NACKed 0 · decode 2.05 ms · decode wait 0.04 ms · decode queue drops 6 · send errors 0 · receive errors 0 · 0 datagrams dropped on purpose
[  60.261] stream 1: 85 decoded fps · 6.3 connection Mb/s · RTT 3.7 ms · lost 6 · keyframes 3 · FEC-repaired 0 · NACKed 0 · decode 2.37 ms · decode wait 0.06 ms · decode queue drops 6 · send errors 0 · receive errors 0 · 0 datagrams dropped on purpose
[  65.274] stream 1: 91 decoded fps · 5.3 connection Mb/s · RTT 4.7 ms · lost 6 · keyframes 3 · FEC-repaired 0 · NACKed 0 · decode 2.30 ms · decode wait 0.05 ms · decode queue drops 6 · send errors 0 · receive errors 0 · 0 datagrams dropped on purpose
[  70.285] stream 1: 88 decoded fps · 5.6 connection Mb/s · RTT 4.6 ms · lost 6 · keyframes 3 · FEC-repaired 0 · NACKed 0 · decode 2.09 ms · decode wait 0.04 ms · decode queue drops 6 · send errors 0 · receive errors 0 · 0 datagrams dropped on purpose
[  75.298] stream 1: 88 decoded fps · 5.5 connection Mb/s · RTT 3.9 ms · lost 6 · keyframes 3 · FEC-repaired 0 · NACKed 0 · decode 2.33 ms · decode wait 0.07 ms · decode queue drops 6 · send errors 0 · receive errors 0 · 0 datagrams dropped on purpose
[  80.314] stream 1: 88 decoded fps · 5.5 connection Mb/s · RTT 4.6 ms · lost 6 · keyframes 3 · FEC-repaired 0 · NACKed 0 · decode 2.27 ms · decode wait 0.06 ms · decode queue drops 6 · send errors 0 · receive errors 0 · 0 datagrams dropped on purpose
[  85.319] stream 1: 88 decoded fps · 5.1 connection Mb/s · RTT 3.5 ms · lost 6 · keyframes 3 · FEC-repaired 0 · NACKed 0 · decode 2.26 ms · decode wait 0.06 ms · decode queue drops 6 · send errors 0 · receive errors 0 · 0 datagrams dropped on purpose
[  90.333] stream 1: 90 decoded fps · 39.2 connection Mb/s · RTT 2.9 ms · lost 6 · keyframes 3 · FEC-repaired 0 · NACKed 0 · decode 2.29 ms · decode wait 0.05 ms · decode queue drops 6 · send errors 0 · receive errors 0 · 0 datagrams dropped on purpose
[  95.348] stream 1: 90 decoded fps · 39.4 connection Mb/s · RTT 3.5 ms · lost 6 · keyframes 3 · FEC-repaired 0 · NACKed 0 · decode 2.30 ms · decode wait 0.05 ms · decode queue drops 6 · send errors 0 · receive errors 0 · 0 datagrams dropped on purpose
[ 100.374] stream 1: 88 decoded fps · 37.4 connection Mb/s · RTT 3.5 ms · lost 6 · keyframes 3 · FEC-repaired 0 · NACKed 0 · decode 2.27 ms · decode wait 0.05 ms · decode queue drops 6 · send errors 0 · receive errors 0 · 0 datagrams dropped on purpose
[ 105.386] stream 1: 88 decoded fps · 37.7 connection Mb/s · RTT 3.3 ms · lost 6 · keyframes 3 · FEC-repaired 0 · NACKed 0 · decode 2.24 ms · decode wait 0.05 ms · decode queue drops 6 · send errors 0 · receive errors 0 · 0 datagrams dropped on purpose
[ 110.401] stream 1: 91 decoded fps · 6.1 connection Mb/s · RTT 4.6 ms · lost 6 · keyframes 3 · FEC-repaired 0 · NACKed 0 · decode 2.20 ms · decode wait 0.05 ms · decode queue drops 6 · send errors 0 · receive errors 0 · 0 datagrams dropped on purpose
[ 115.423] stream 1: 90 decoded fps · 5.5 connection Mb/s · RTT 5.0 ms · lost 6 · keyframes 3 · FEC-repaired 0 · NACKed 0 · decode 2.33 ms · decode wait 0.06 ms · decode queue drops 6 · send errors 0 · receive errors 0 · 0 datagrams dropped on purpose
[ 120.448] stream 1: 90 decoded fps · 5.6 connection Mb/s · RTT 4.7 ms · lost 6 · keyframes 3 · FEC-repaired 0 · NACKed 0 · decode 2.35 ms · decode wait 0.06 ms · decode queue drops 6 · send errors 0 · receive errors 0 · 0 datagrams dropped on purpose
[ 125.456] stream 1: 87 decoded fps · 5.3 connection Mb/s · RTT 6.8 ms · lost 6 · keyframes 3 · FEC-repaired 0 · NACKed 0 · decode 2.25 ms · decode wait 0.05 ms · decode queue drops 6 · send errors 0 · receive errors 0 · 0 datagrams dropped on purpose
[ 130.470] stream 1: 89 decoded fps · 6.2 connection Mb/s · RTT 4.0 ms · lost 6 · keyframes 3 · FEC-repaired 0 · NACKed 0 · decode 2.30 ms · decode wait 0.05 ms · decode queue drops 6 · send errors 0 · receive errors 0 · 0 datagrams dropped on purpose
[ 135.481] stream 1: 86 decoded fps · 5.7 connection Mb/s · RTT 3.7 ms · lost 6 · keyframes 3 · FEC-repaired 0 · NACKed 0 · decode 2.41 ms · decode wait 0.07 ms · decode queue drops 6 · send errors 0 · receive errors 0 · 0 datagrams dropped on purpose
[ 140.495] stream 1: 90 decoded fps · 5.9 connection Mb/s · RTT 6.2 ms · lost 6 · keyframes 3 · FEC-repaired 0 · NACKed 0 · decode 2.32 ms · decode wait 0.06 ms · decode queue drops 6 · send errors 0 · receive errors 0 · 0 datagrams dropped on purpose
[ 145.512] stream 1: 90 decoded fps · 5.6 connection Mb/s · RTT 5.7 ms · lost 6 · keyframes 3 · FEC-repaired 0 · NACKed 0 · decode 2.26 ms · decode wait 0.05 ms · decode queue drops 6 · send errors 0 · receive errors 0 · 0 datagrams dropped on purpose
[ 150.523] stream 1: 90 decoded fps · 6.0 connection Mb/s · RTT 4.0 ms · lost 6 · keyframes 3 · FEC-repaired 0 · NACKed 0 · decode 2.38 ms · decode wait 0.06 ms · decode queue drops 6 · send errors 0 · receive errors 0 · 0 datagrams dropped on purpose
[ 155.532] stream 1: 89 decoded fps · 5.4 connection Mb/s · RTT 3.6 ms · lost 6 · keyframes 3 · FEC-repaired 0 · NACKed 0 · decode 2.33 ms · decode wait 0.06 ms · decode queue drops 6 · send errors 0 · receive errors 0 · 0 datagrams dropped on purpose
[ 160.548] stream 1: 88 decoded fps · 5.5 connection Mb/s · RTT 4.1 ms · lost 6 · keyframes 3 · FEC-repaired 0 · NACKed 0 · decode 2.24 ms · decode wait 0.05 ms · decode queue drops 6 · send errors 0 · receive errors 0 · 0 datagrams dropped on purpose
[ 165.567] stream 1: 90 decoded fps · 5.3 connection Mb/s · RTT 3.4 ms · lost 6 · keyframes 3 · FEC-repaired 0 · NACKed 0 · decode 1.92 ms · decode wait 0.03 ms · decode queue drops 6 · send errors 0 · receive errors 0 · 0 datagrams dropped on purpose
