[  -0.000] stream 1: presentation screen id=4 max_fps=60
[   0.002] socket buffers: receive 4194304, send 4194304 bytes
[   0.002] connecting to 192.168.15.5:37373 from port 55732, with 1 video streams
[   5.112] session 40d71dd5 established, datagrams up to 1200 bytes, no FEC, video streams [1]
[  10.125] stream 1: 31 decoded fps · 1.4 connection Mb/s · RTT 4.7 ms · lost 0 · keyframes 1 · FEC-repaired 0 · NACKed 0 · capture/convert 0.24 ms · encode 6.16 ms · decode 1.32 ms · decode wait 0.08 ms · host sample 150 capture_us 162 encode_us 5972 · decode queue drops 0 · send errors 0 · receive errors 0 · 0 datagrams dropped on purpose
[  15.143] stream 1: 30 decoded fps · 1.5 connection Mb/s · RTT 3.7 ms · lost 0 · keyframes 1 · FEC-repaired 0 · NACKed 0 · capture/convert 0.23 ms · encode 8.58 ms · decode 1.29 ms · decode wait 0.10 ms · host sample 300 capture_us 455 encode_us 9919 · decode queue drops 0 · send errors 0 · receive errors 0 · 0 datagrams dropped on purpose
[  20.156] stream 1: 30 decoded fps · 1.3 connection Mb/s · RTT 4.6 ms · lost 0 · keyframes 1 · FEC-repaired 0 · NACKed 0 · capture/convert 0.28 ms · encode 6.90 ms · decode 1.25 ms · decode wait 0.08 ms · host sample 450 capture_us 180 encode_us 9597 · decode queue drops 0 · send errors 0 · receive errors 0 · 0 datagrams dropped on purpose
[  25.188] stream 1: 25 decoded fps · 1.2 connection Mb/s · RTT 3.2 ms · lost 0 · keyframes 2 · FEC-repaired 0 · NACKed 0 · capture/convert 0.53 ms · encode 6.59 ms · decode 1.06 ms · decode wait 0.07 ms · host sample 596 capture_us 162 encode_us 8219 · decode queue drops 0 · send errors 0 · receive errors 0 · 0 datagrams dropped on purpose
[  30.200] stream 1: 30 decoded fps · 1.4 connection Mb/s · RTT 4.6 ms · lost 0 · keyframes 2 · FEC-repaired 0 · NACKed 0 · capture/convert 0.27 ms · encode 7.52 ms · decode 1.22 ms · decode wait 0.10 ms · host sample 747 capture_us 329 encode_us 5181 · decode queue drops 0 · send errors 0 · receive errors 0 · 0 datagrams dropped on purpose
[  35.231] stream 1: 31 decoded fps · 1.7 connection Mb/s · RTT 3.2 ms · lost 0 · keyframes 2 · FEC-repaired 0 · NACKed 0 · capture/convert 0.20 ms · encode 1.75 ms · decode 1.22 ms · decode wait 0.08 ms · host sample 896 capture_us 158 encode_us 1783 · decode queue drops 0 · send errors 0 · receive errors 0 · 0 datagrams dropped on purpose
[  40.244] stream 1: 30 decoded fps · 1.5 connection Mb/s · RTT 4.6 ms · lost 0 · keyframes 2 · FEC-repaired 0 · NACKed 0 · capture/convert 0.18 ms · encode 2.93 ms · decode 1.03 ms · decode wait 0.05 ms · host sample 1046 capture_us 214 encode_us 3348 · decode queue drops 0 · send errors 0 · receive errors 0 · 0 datagrams dropped on purpose
[  45.256] stream 1: 30 decoded fps · 1.3 connection Mb/s · RTT 4.2 ms · lost 0 · keyframes 2 · FEC-repaired 0 · NACKed 0 · capture/convert 0.18 ms · encode 8.03 ms · decode 0.79 ms · decode wait 0.05 ms · host sample 1196 capture_us 179 encode_us 3469 · decode queue drops 0 · send errors 0 · receive errors 0 · 0 datagrams dropped on purpose
[  50.276] stream 1: 30 decoded fps · 1.3 connection Mb/s · RTT 4.5 ms · lost 0 · keyframes 2 · FEC-repaired 0 · NACKed 0 · capture/convert 0.18 ms · encode 3.49 ms · decode 1.27 ms · decode wait 0.09 ms · host sample 1347 capture_us 155 encode_us 3623 · decode queue drops 0 · send errors 0 · receive errors 0 · 0 datagrams dropped on purpose
[  55.288] stream 1: 30 decoded fps · 1.5 connection Mb/s · RTT 4.3 ms · lost 0 · keyframes 2 · FEC-repaired 0 · NACKed 0 · capture/convert 0.21 ms · encode 7.36 ms · decode 1.32 ms · decode wait 0.07 ms · host sample 1497 capture_us 164 encode_us 4118 · decode queue drops 0 · send errors 0 · receive errors 0 · 0 datagrams dropped on purpose
[  60.319] stream 1: 31 decoded fps · 1.4 connection Mb/s · RTT 4.1 ms · lost 0 · keyframes 2 · FEC-repaired 0 · NACKed 0 · capture/convert 0.20 ms · encode 8.63 ms · decode 1.10 ms · decode wait 0.08 ms · host sample 1648 capture_us 204 encode_us 4180 · decode queue drops 0 · send errors 0 · receive errors 0 · 0 datagrams dropped on purpose
[  65.358] stream 1: 30 decoded fps · 1.2 connection Mb/s · RTT 4.1 ms · lost 0 · keyframes 4 · FEC-repaired 0 · NACKed 0 · capture/convert 0.21 ms · encode 8.45 ms · decode 1.24 ms · decode wait 0.08 ms · host sample 1788 capture_us 149 encode_us 4897 · decode queue drops 0 · send errors 0 · receive errors 0 · 0 datagrams dropped on purpose
[  70.382] stream 1: 30 decoded fps · 1.4 connection Mb/s · RTT 4.7 ms · lost 0 · keyframes 4 · FEC-repaired 0 · NACKed 0 · capture/convert 0.17 ms · encode 5.10 ms · decode 1.28 ms · decode wait 0.10 ms · host sample 1939 capture_us 152 encode_us 3570 · decode queue drops 0 · send errors 0 · receive errors 0 · 0 datagrams dropped on purpose
[  75.402] stream 1: 30 decoded fps · 1.4 connection Mb/s · RTT 3.1 ms · lost 0 · keyframes 4 · FEC-repaired 0 · NACKed 0 · capture/convert 0.19 ms · encode 4.38 ms · decode 1.28 ms · decode wait 0.09 ms · host sample 2089 capture_us 179 encode_us 3063 · decode queue drops 0 · send errors 0 · receive errors 0 · 0 datagrams dropped on purpose
[  80.417] stream 1: 30 decoded fps · 1.3 connection Mb/s · RTT 4.5 ms · lost 0 · keyframes 4 · FEC-repaired 0 · NACKed 0 · capture/convert 0.21 ms · encode 5.01 ms · decode 1.20 ms · decode wait 0.08 ms · host sample 2240 capture_us 192 encode_us 11168 · decode queue drops 0 · send errors 0 · receive errors 0 · 0 datagrams dropped on purpose
[  85.439] stream 1: 30 decoded fps · 1.7 connection Mb/s · RTT 3.8 ms · lost 0 · keyframes 4 · FEC-repaired 0 · NACKed 0 · capture/convert 0.21 ms · encode 9.17 ms · decode 1.27 ms · decode wait 0.10 ms · host sample 2390 capture_us 240 encode_us 9914 · decode queue drops 0 · send errors 0 · receive errors 0 · 0 datagrams dropped on purpose
[  90.476] stream 1: 30 decoded fps · 1.4 connection Mb/s · RTT 10.0 ms · lost 0 · keyframes 4 · FEC-repaired 0 · NACKed 0 · capture/convert 0.20 ms · encode 5.69 ms · decode 1.26 ms · decode wait 0.10 ms · host sample 2536 capture_us 187 encode_us 3551 · decode queue drops 0 · send errors 0 · receive errors 0 · 0 datagrams dropped on purpose
[  95.490] stream 1: 30 decoded fps · 1.3 connection Mb/s · RTT 3.1 ms · lost 0 · keyframes 4 · FEC-repaired 0 · NACKed 0 · capture/convert 0.18 ms · encode 4.51 ms · decode 1.16 ms · decode wait 0.08 ms · host sample 2686 capture_us 209 encode_us 4098 · decode queue drops 0 · send errors 0 · receive errors 0 · 0 datagrams dropped on purpose
