[  -0.000] stream 1: presentation screen id=4 max_fps=60
[   0.005] socket buffers: receive 4194304, send 4194304 bytes
[   0.005] connecting to 192.168.15.5:37373 from port 56500, with 1 video streams
[   0.014] session b0a52ebe established, datagrams up to 1200 bytes, no FEC, video streams [1]
[   5.042] stream 1: 30 decoded fps · 0.1 connection Mb/s · RTT 5.5 ms · lost 0 · keyframes 1 · FEC-repaired 0 · NACKed 0 · capture/convert 0.05 ms · encode 3.27 ms · decode 1.20 ms · decode wait 0.24 ms · host sample 150 capture_us 27 encode_us 2747 · decode queue drops 0 · send errors 0 · receive errors 0 · 0 datagrams dropped on purpose
[  10.055] stream 1: 31 decoded fps · 0.3 connection Mb/s · RTT 3.3 ms · lost 0 · keyframes 1 · FEC-repaired 0 · NACKed 0 · capture/convert 0.04 ms · encode 3.34 ms · decode 1.15 ms · decode wait 0.19 ms · host sample 301 capture_us 16 encode_us 3136 · decode queue drops 0 · send errors 0 · receive errors 0 · 0 datagrams dropped on purpose
[  15.064] stream 1: 30 decoded fps · 0.1 connection Mb/s · RTT 5.1 ms · lost 0 · keyframes 1 · FEC-repaired 0 · NACKed 0 · capture/convert 0.05 ms · encode 3.46 ms · decode 1.15 ms · decode wait 0.22 ms · host sample 451 capture_us 16 encode_us 3544 · decode queue drops 0 · send errors 0 · receive errors 0 · 0 datagrams dropped on purpose
[  20.076] stream 1: 30 decoded fps · 0.2 connection Mb/s · RTT 5.1 ms · lost 0 · keyframes 1 · FEC-repaired 0 · NACKed 0 · capture/convert 0.04 ms · encode 3.56 ms · decode 1.10 ms · decode wait 0.20 ms · host sample 601 capture_us 23 encode_us 5474 · decode queue drops 0 · send errors 0 · receive errors 0 · 0 datagrams dropped on purpose
[  25.085] stream 1: 30 decoded fps · 0.1 connection Mb/s · RTT 5.3 ms · lost 0 · keyframes 1 · FEC-repaired 0 · NACKed 0 · capture/convert 0.06 ms · encode 3.65 ms · decode 1.20 ms · decode wait 0.25 ms · host sample 746 capture_us 17 encode_us 4190 · decode queue drops 0 · send errors 0 · receive errors 0 · 0 datagrams dropped on purpose
[  30.151] stream 1: 29 decoded fps · 0.2 connection Mb/s · RTT 4.9 ms · lost 0 · keyframes 1 · FEC-repaired 0 · NACKed 0 · capture/convert 0.05 ms · encode 3.28 ms · decode 1.31 ms · decode wait 0.27 ms · host sample 898 capture_us 179 encode_us 3374 · decode queue drops 0 · send errors 0 · receive errors 0 · 0 datagrams dropped on purpose
[  35.171] stream 1: 30 decoded fps · 0.2 connection Mb/s · RTT 5.2 ms · lost 0 · keyframes 1 · FEC-repaired 0 · NACKed 0 · capture/convert 0.05 ms · encode 3.50 ms · decode 1.35 ms · decode wait 0.27 ms · host sample 1049 capture_us 23 encode_us 2853 · decode queue drops 0 · send errors 0 · receive errors 0 · 0 datagrams dropped on purpose
[  40.185] stream 1: 30 decoded fps · 0.1 connection Mb/s · RTT 5.4 ms · lost 0 · keyframes 1 · FEC-repaired 0 · NACKed 0 · capture/convert 0.05 ms · encode 3.56 ms · decode 1.11 ms · decode wait 0.23 ms · host sample 1199 capture_us 17 encode_us 2751 · decode queue drops 0 · send errors 0 · receive errors 0 · 0 datagrams dropped on purpose
[  45.198] stream 1: 30 decoded fps · 0.1 connection Mb/s · RTT 5.1 ms · lost 0 · keyframes 1 · FEC-repaired 0 · NACKed 0 · capture/convert 0.05 ms · encode 3.57 ms · decode 1.32 ms · decode wait 0.28 ms · host sample 1350 capture_us 18 encode_us 3738 · decode queue drops 0 · send errors 0 · receive errors 0 · 0 datagrams dropped on purpose
[  50.208] stream 1: 30 decoded fps · 0.1 connection Mb/s · RTT 5.3 ms · lost 0 · keyframes 1 · FEC-repaired 0 · NACKed 0 · capture/convert 0.05 ms · encode 3.27 ms · decode 1.42 ms · decode wait 0.29 ms · host sample 1500 capture_us 17 encode_us 3697 · decode queue drops 0 · send errors 0 · receive errors 0 · 0 datagrams dropped on purpose
[  55.221] stream 1: 30 decoded fps · 0.1 connection Mb/s · RTT 5.2 ms · lost 0 · keyframes 1 · FEC-repaired 0 · NACKed 0 · capture/convert 0.07 ms · encode 3.39 ms · decode 1.44 ms · decode wait 0.36 ms · host sample 1650 capture_us 34 encode_us 3208 · decode queue drops 0 · send errors 0 · receive errors 0 · 0 datagrams dropped on purpose
[  60.256] stream 1: 18 decoded fps · 0.5 connection Mb/s · RTT 44.3 ms · lost 0 · keyframes 2 · FEC-repaired 0 · NACKed 0 · capture/convert 0.43 ms · encode 6.00 ms · decode 1.07 ms · decode wait 0.14 ms · host sample 1790 capture_us 170 encode_us 5773 · decode queue drops 0 · send errors 0 · receive errors 0 · 0 datagrams dropped on purpose
[  65.292] stream 1: 30 decoded fps · 1.7 connection Mb/s · RTT 5.6 ms · lost 0 · keyframes 2 · FEC-repaired 0 · NACKed 0 · capture/convert 0.21 ms · encode 7.39 ms · decode 1.19 ms · decode wait 0.09 ms · host sample 1940 capture_us 202 encode_us 6162 · decode queue drops 0 · send errors 0 · receive errors 0 · 0 datagrams dropped on purpose
[  70.379] stream 1: 30 decoded fps · 1.3 connection Mb/s · RTT 10.9 ms · lost 0 · keyframes 2 · FEC-repaired 0 · NACKed 0 · capture/convert 0.22 ms · encode 3.88 ms · decode 1.23 ms · decode wait 0.10 ms · host sample 2062 capture_us 191 encode_us 3224 · decode queue drops 0 · send errors 0 · receive errors 0 · 0 datagrams dropped on purpose
[  75.396] stream 1: 30 decoded fps · 1.2 connection Mb/s · RTT 4.3 ms · lost 0 · keyframes 2 · FEC-repaired 0 · NACKed 0 · capture/convert 0.24 ms · encode 3.38 ms · decode 1.28 ms · decode wait 0.11 ms · host sample 2213 capture_us 209 encode_us 3231 · decode queue drops 0 · send errors 0 · receive errors 0 · 0 datagrams dropped on purpose
[  80.406] stream 1: 30 decoded fps · 1.5 connection Mb/s · RTT 3.0 ms · lost 0 · keyframes 2 · FEC-repaired 0 · NACKed 0 · capture/convert 0.19 ms · encode 4.57 ms · decode 1.34 ms · decode wait 0.14 ms · host sample 2363 capture_us 192 encode_us 3879 · decode queue drops 0 · send errors 0 · receive errors 0 · 0 datagrams dropped on purpose
[  85.419] stream 1: 30 decoded fps · 1.3 connection Mb/s · RTT 4.3 ms · lost 0 · keyframes 2 · FEC-repaired 0 · NACKed 0 · capture/convert 0.19 ms · encode 4.04 ms · decode 1.19 ms · decode wait 0.10 ms · host sample 2514 capture_us 174 encode_us 3041 · decode queue drops 0 · send errors 0 · receive errors 0 · 0 datagrams dropped on purpose
[  90.459] stream 1: 31 decoded fps · 1.6 connection Mb/s · RTT 4.4 ms · lost 0 · keyframes 2 · FEC-repaired 0 · NACKed 0 · capture/convert 0.20 ms · encode 3.70 ms · decode 0.97 ms · decode wait 0.07 ms · host sample 2665 capture_us 150 encode_us 3023 · decode queue drops 0 · send errors 0 · receive errors 0 · 0 datagrams dropped on purpose
[  95.473] stream 1: 30 decoded fps · 1.5 connection Mb/s · RTT 3.7 ms · lost 0 · keyframes 2 · FEC-repaired 0 · NACKed 0 · capture/convert 0.22 ms · encode 4.35 ms · decode 1.31 ms · decode wait 0.13 ms · host sample 2815 capture_us 153 encode_us 4492 · decode queue drops 0 · send errors 0 · receive errors 0 · 0 datagrams dropped on purpose
[ 100.488] stream 1: 30 decoded fps · 1.5 connection Mb/s · RTT 3.2 ms · lost 0 · keyframes 2 · FEC-repaired 0 · NACKed 0 · capture/convert 0.22 ms · encode 4.24 ms · decode 1.30 ms · decode wait 0.12 ms · host sample 2966 capture_us 185 encode_us 4021 · decode queue drops 0 · send errors 0 · receive errors 0 · 0 datagrams dropped on purpose
[ 105.497] stream 1: 30 decoded fps · 1.4 connection Mb/s · RTT 3.9 ms · lost 0 · keyframes 2 · FEC-repaired 0 · NACKed 0 · capture/convert 0.19 ms · encode 2.44 ms · decode 1.26 ms · decode wait 0.09 ms · host sample 3116 capture_us 164 encode_us 2593 · decode queue drops 0 · send errors 0 · receive errors 0 · 0 datagrams dropped on purpose
[ 110.513] stream 1: 30 decoded fps · 1.4 connection Mb/s · RTT 2.6 ms · lost 0 · keyframes 2 · FEC-repaired 0 · NACKed 0 · capture/convert 0.20 ms · encode 4.39 ms · decode 1.16 ms · decode wait 0.10 ms · host sample 3266 capture_us 151 encode_us 4631 · decode queue drops 0 · send errors 0 · receive errors 0 · 0 datagrams dropped on purpose
[ 115.527] stream 1: 30 decoded fps · 1.5 connection Mb/s · RTT 3.8 ms · lost 0 · keyframes 2 · FEC-repaired 0 · NACKed 0 · capture/convert 0.28 ms · encode 4.53 ms · decode 1.26 ms · decode wait 0.09 ms · host sample 3417 capture_us 202 encode_us 3908 · decode queue drops 0 · send errors 0 · receive errors 0 · 0 datagrams dropped on purpose
[ 120.535] stream 1: 30 decoded fps · 1.3 connection Mb/s · RTT 5.0 ms · lost 0 · keyframes 2 · FEC-repaired 0 · NACKed 0 · capture/convert 0.21 ms · encode 4.13 ms · decode 1.29 ms · decode wait 0.10 ms · host sample 3567 capture_us 160 encode_us 4861 · decode queue drops 0 · send errors 0 · receive errors 0 · 0 datagrams dropped on purpose
[ 125.547] stream 1: 30 decoded fps · 1.5 connection Mb/s · RTT 3.8 ms · lost 0 · keyframes 2 · FEC-repaired 0 · NACKed 0 · capture/convert 0.20 ms · encode 3.79 ms · decode 0.89 ms · decode wait 0.06 ms · host sample 3717 capture_us 160 encode_us 4282 · decode queue drops 0 · send errors 0 · receive errors 0 · 0 datagrams dropped on purpose
[ 130.555] stream 1: 31 decoded fps · 1.7 connection Mb/s · RTT 4.9 ms · lost 0 · keyframes 2 · FEC-repaired 0 · NACKed 0 · capture/convert 0.20 ms · encode 4.46 ms · decode 1.13 ms · decode wait 0.10 ms · host sample 3868 capture_us 156 encode_us 3234 · decode queue drops 0 · send errors 0 · receive errors 0 · 0 datagrams dropped on purpose
[ 135.493] stream 1: presentation screen id=4 max_fps=60
[ 135.494] socket buffers: receive 4194304, send 4194304 bytes
[ 135.494] connecting to 192.168.15.5:37373 from port 52710, with 1 video streams
[ 135.500] session 791dcdb1 established, datagrams up to 1200 bytes, no FEC, video streams [1]
[ 140.536] stream 1: 30 decoded fps · 1.4 connection Mb/s · RTT 3.9 ms · lost 0 · keyframes 1 · FEC-repaired 0 · NACKed 0 · capture/convert 0.20 ms · encode 3.73 ms · decode 1.20 ms · decode wait 0.08 ms · host sample 4114 capture_us 206 encode_us 4039 · decode queue drops 0 · send errors 0 · receive errors 0 · 0 datagrams dropped on purpose
[ 145.660] stream 1: 0 decoded fps · 0.0 connection Mb/s · RTT 4.1 ms · lost 0 · keyframes 1 · FEC-repaired 0 · NACKed 0 · capture/convert — · encode — · decode — · decode wait — · decode queue drops 0 · send errors 0 · receive errors 0 · 0 datagrams dropped on purpose
[ 149.402] disconnected: nothing from the host for 5 s
[ 158.504] disconnected: no response from the host
