[   0.000] stream 1: presentation screen id=5 max_fps=60
[   0.001] socket buffers: receive 4194304, send 4194304 bytes
[   0.001] connecting to 192.168.15.5:37373 from port 59612, with 1 video streams
[   9.103] disconnected: no response from the host
[  11.615] session 81971aae established, datagrams up to 1200 bytes, no FEC, video streams [1]
[  16.646] stream 1: 91 decoded fps · 4.9 connection Mb/s · RTT 3.1 ms · lost 6 · keyframes 3 · FEC-repaired 0 · NACKed 0 · capture/convert 0.30 ms · encode 3.91 ms · decode 2.02 ms · decode wait 0.03 ms · host sample 452 capture_us 111 encode_us 5891 · decode queue drops 6 · send errors 0 · receive errors 0 · 0 datagrams dropped on purpose
[  21.669] stream 1: 91 decoded fps · 6.3 connection Mb/s · RTT 4.6 ms · lost 6 · keyframes 3 · FEC-repaired 0 · NACKed 0 · capture/convert 0.29 ms · encode 3.87 ms · decode 2.01 ms · decode wait 0.03 ms · host sample 904 capture_us 302 encode_us 3566 · decode queue drops 6 · send errors 0 · receive errors 0 · 0 datagrams dropped on purpose
[  26.683] stream 1: 90 decoded fps · 5.6 connection Mb/s · RTT 4.8 ms · lost 6 · keyframes 3 · FEC-repaired 0 · NACKed 0 · capture/convert 0.30 ms · encode 4.23 ms · decode 2.13 ms · decode wait 0.05 ms · host sample 1355 capture_us 400 encode_us 4767 · decode queue drops 6 · send errors 0 · receive errors 0 · 0 datagrams dropped on purpose
[  31.697] stream 1: 90 decoded fps · 5.7 connection Mb/s · RTT 5.4 ms · lost 6 · keyframes 4 · FEC-repaired 0 · NACKed 0 · capture/convert 0.31 ms · encode 4.21 ms · decode 2.14 ms · decode wait 0.05 ms · host sample 1795 capture_us 91 encode_us 3038 · decode queue drops 6 · send errors 0 · receive errors 0 · 0 datagrams dropped on purpose
[  36.760] stream 1: 90 decoded fps · 5.5 connection Mb/s · RTT 5.1 ms · lost 6 · keyframes 6 · FEC-repaired 0 · NACKed 0 · capture/convert 0.26 ms · encode 3.61 ms · decode 1.91 ms · decode wait 0.03 ms · host sample 2228 capture_us 295 encode_us 3111 · decode queue drops 6 · send errors 0 · receive errors 0 · 0 datagrams dropped on purpose
[  41.781] stream 1: 80 decoded fps · 5.1 connection Mb/s · RTT 5.8 ms · lost 6 · keyframes 9 · FEC-repaired 0 · NACKed 0 · capture/convert 0.26 ms · encode 3.65 ms · decode 2.25 ms · decode wait 0.05 ms · host sample 2650 capture_us 310 encode_us 2981 · decode queue drops 6 · send errors 0 · receive errors 0 · 0 datagrams dropped on purpose
[  46.796] stream 1: 81 decoded fps · 5.4 connection Mb/s · RTT 4.7 ms · lost 6 · keyframes 11 · FEC-repaired 0 · NACKed 0 · capture/convert 0.27 ms · encode 3.65 ms · decode 2.22 ms · decode wait 0.05 ms · host sample 3082 capture_us 92 encode_us 4692 · decode queue drops 6 · send errors 0 · receive errors 0 · 0 datagrams dropped on purpose
[  51.815] stream 1: 90 decoded fps · 5.1 connection Mb/s · RTT 4.5 ms · lost 6 · keyframes 13 · FEC-repaired 0 · NACKed 0 · capture/convert 0.25 ms · encode 3.16 ms · decode 2.23 ms · decode wait 0.05 ms · host sample 3504 capture_us 295 encode_us 2747 · decode queue drops 6 · send errors 0 · receive errors 0 · 0 datagrams dropped on purpose
[  56.831] stream 1: 89 decoded fps · 5.6 connection Mb/s · RTT 4.6 ms · lost 6 · keyframes 13 · FEC-repaired 0 · NACKed 0 · capture/convert 0.30 ms · encode 3.45 ms · decode 2.38 ms · decode wait 0.09 ms · host sample 3953 capture_us 292 encode_us 2823 · decode queue drops 6 · send errors 0 · receive errors 0 · 0 datagrams dropped on purpose
[  61.843] stream 1: 90 decoded fps · 5.6 connection Mb/s · RTT 3.7 ms · lost 6 · keyframes 13 · FEC-repaired 0 · NACKed 0 · capture/convert 0.26 ms · encode 3.33 ms · decode 2.25 ms · decode wait 0.13 ms · host sample 4404 capture_us 338 encode_us 3353 · decode queue drops 6 · send errors 0 · receive errors 0 · 0 datagrams dropped on purpose
[  66.852] stream 1: 90 decoded fps · 6.2 connection Mb/s · RTT 4.8 ms · lost 6 · keyframes 13 · FEC-repaired 0 · NACKed 0 · capture/convert 0.25 ms · encode 3.39 ms · decode 2.44 ms · decode wait 0.10 ms · host sample 4855 capture_us 331 encode_us 3483 · decode queue drops 6 · send errors 0 · receive errors 0 · 0 datagrams dropped on purpose
[  71.879] stream 1: 91 decoded fps · 6.4 connection Mb/s · RTT 5.3 ms · lost 6 · keyframes 13 · FEC-repaired 0 · NACKed 0 · capture/convert 0.26 ms · encode 3.27 ms · decode 2.60 ms · decode wait 0.24 ms · host sample 5308 capture_us 419 encode_us 3783 · decode queue drops 6 · send errors 0 · receive errors 0 · 0 datagrams dropped on purpose
[  76.893] stream 1: 90 decoded fps · 5.7 connection Mb/s · RTT 4.4 ms · lost 6 · keyframes 13 · FEC-repaired 0 · NACKed 0 · capture/convert 0.25 ms · encode 3.32 ms · decode 2.46 ms · decode wait 0.07 ms · host sample 5759 capture_us 92 encode_us 3434 · decode queue drops 6 · send errors 0 · receive errors 0 · 0 datagrams dropped on purpose
[  81.910] stream 1: 90 decoded fps · 6.0 connection Mb/s · RTT 5.0 ms · lost 6 · keyframes 14 · FEC-repaired 0 · NACKed 0 · capture/convert 0.25 ms · encode 3.22 ms · decode 2.41 ms · decode wait 0.07 ms · host sample 6210 capture_us 307 encode_us 3789 · decode queue drops 9 · send errors 0 · receive errors 0 · 0 datagrams dropped on purpose
[  86.942] stream 1: 90 decoded fps · 5.1 connection Mb/s · RTT 4.0 ms · lost 6 · keyframes 14 · FEC-repaired 0 · NACKed 0 · capture/convert 0.25 ms · encode 3.15 ms · decode 2.44 ms · decode wait 0.08 ms · host sample 6663 capture_us 318 encode_us 2784 · decode queue drops 9 · send errors 0 · receive errors 0 · 0 datagrams dropped on purpose
