{"action": "verify-swift-tests", "status": "passed", "run_id": "d6e727d1-fbe7-4f54-8fe7-b85c8e18b58d"}
{"action": "verify-swift-tests", "status": "passed", "run_id": "20caf8f6-e95b-41e0-884a-3892affb366f"}
Swift version 6.4 (swift-6.4-RELEASE)
Target: x86_64-unknown-windows-msvc
Build config: +assertions
Building for production...
[Computing dependencies]
[Pre-planning 1 / 243]
[Planning deferred tasks]
[Starting]
[33 / 421] CCryptoBoringSSL
[35 / 421] CCryptoBoringSSL
[38 / 421] CCryptoBoringSSL
[41 / 421] CCryptoBoringSSL
[44 / 421] CCryptoBoringSSL
[46 / 421] CCryptoBoringSSL
[47 / 421] CCryptoBoringSSL
[48 / 421] CCryptoBoringSSL
[49 / 421] CCryptoBoringSSL
[50 / 421] CCryptoBoringSSL
[53 / 421] CCryptoBoringSSL
[55 / 421] CCryptoBoringSSL
[56 / 421] CCryptoBoringSSL
[58 / 421] CCryptoBoringSSL
[60 / 421] CCryptoBoringSSL
[61 / 421] CCryptoBoringSSL
[63 / 421] CCryptoBoringSSL
[65 / 421] CCryptoBoringSSL
[69 / 421] CCryptoBoringSSL
[73 / 421] CCryptoBoringSSL
[77 / 421] CCryptoBoringSSL
[79 / 421] CCryptoBoringSSL
[80 / 421] CCryptoBoringSSL
[81 / 421] CCryptoBoringSSL
[82 / 421] CCryptoBoringSSL
[85 / 421] CCryptoBoringSSL
[87 / 421] CCryptoBoringSSL
[89 / 421] CCryptoBoringSSL
[90 / 421] CCryptoBoringSSL
[94 / 421] CCryptoBoringSSL
[95 / 421] CCryptoBoringSSL
[97 / 421] CCryptoBoringSSL
[98 / 421] CCryptoBoringSSL
[102 / 421] CCryptoBoringSSL
[104 / 421] CCryptoBoringSSL
[105 / 421] CCryptoBoringSSL
[106 / 421] CCryptoBoringSSL
[108 / 421] CCryptoBoringSSL
[112 / 421] CCryptoBoringSSL
[114 / 421] CCryptoBoringSSL
[115 / 421] CCryptoBoringSSL
[116 / 421] CCryptoBoringSSL
[117 / 421] CCryptoBoringSSL
[119 / 421] CCryptoBoringSSL
[120 / 421] CCryptoBoringSSL
[123 / 421] CCryptoBoringSSL
[124 / 421] CCryptoBoringSSL
[126 / 421] CCryptoBoringSSL
[129 / 421] CCryptoBoringSSL
[133 / 421] CCryptoBoringSSL
[137 / 421] CCryptoBoringSSL
[142 / 421] CCryptoBoringSSL
[147 / 421] CCryptoBoringSSL
[150 / 421] CCryptoBoringSSL
[155 / 421] CCryptoBoringSSL
[159 / 421] CCryptoBoringSSL
[160 / 421] CCryptoBoringSSL
[161 / 421] CCryptoBoringSSL
[164 / 421] CCryptoBoringSSL
[165 / 421] CCryptoBoringSSL
[168 / 421] CCryptoBoringSSL
[171 / 421] CCryptoBoringSSL
[174 / 421] CCryptoBoringSSL
[176 / 421] CCryptoBoringSSL
[177 / 421] CCryptoBoringSSL
[180 / 421] CCryptoBoringSSL
[182 / 421] CCryptoBoringSSL
[186 / 421] CCryptoBoringSSL
[187 / 421] CCryptoBoringSSL
[188 / 421] CCryptoBoringSSL
[190 / 421] CCryptoBoringSSL
[192 / 421] CCryptoBoringSSL
[194 / 421] CCryptoBoringSSL
[196 / 421] CCryptoBoringSSL
[198 / 421] CCryptoBoringSSL
[200 / 421] CCryptoBoringSSL
[201 / 421] CCryptoBoringSSL
[204 / 421] CCryptoBoringSSL
[206 / 421] CCryptoBoringSSL
[208 / 421] CCryptoBoringSSL
[211 / 421] CCryptoBoringSSL
[216 / 421] CCryptoBoringSSL
[219 / 421] CCryptoBoringSSL
[220 / 421] CCryptoBoringSSL
[222 / 421] CCryptoBoringSSL
[225 / 421] CCryptoBoringSSL
[229 / 421] CCryptoBoringSSL
[231 / 421] CCryptoBoringSSL
[232 / 421] CCryptoBoringSSL
[234 / 421] CCryptoBoringSSL
[237 / 421] CCryptoBoringSSL
[240 / 421] CCryptoBoringSSL
[243 / 421] CCryptoBoringSSL
[246 / 421] CCryptoBoringSSL
[250 / 421] CCryptoBoringSSL
[254 / 421] CCryptoBoringSSL
[257 / 421] CCryptoBoringSSL
[260 / 421] CCryptoBoringSSL
[261 / 421] CCryptoBoringSSL
[262 / 421] CCryptoBoringSSL
[263 / 421] CCryptoBoringSSL
[267 / 421] CCryptoBoringSSL
[269 / 421] CCryptoBoringSSL
[271 / 421] CCryptoBoringSSL
[274 / 421] CCryptoBoringSSL
[277 / 421] CCryptoBoringSSL
[278 / 421] CCryptoBoringSSL
[279 / 421] CCryptoBoringSSL
[281 / 421] CCryptoBoringSSL
[284 / 421] CCryptoBoringSSL
[285 / 421] CCryptoBoringSSL
[287 / 421] CCryptoBoringSSL
[289 / 421] CCryptoBoringSSL
[292 / 421] CCryptoBoringSSL
[294 / 421] CCryptoBoringSSL
[295 / 421] CCryptoBoringSSL
[297 / 421] CCryptoBoringSSL
[299 / 421] CCryptoBoringSSL
[301 / 421] CCryptoBoringSSL
[304 / 421] CCryptoBoringSSL
[305 / 421] CCryptoBoringSSL
[307 / 421] CCryptoBoringSSL
[309 / 421] CCryptoBoringSSL
[311 / 421] CCryptoBoringSSL
[314 / 421] CCryptoBoringSSL
[316 / 421] CCryptoBoringSSL
[319 / 421] CCryptoBoringSSL
[323 / 421] CCryptoBoringSSL
[327 / 421] CCryptoBoringSSL
[332 / 421] CCryptoBoringSSL
[333 / 421] CCryptoBoringSSL
[334 / 421] CCryptoBoringSSL
[336 / 421] CCryptoBoringSSL
[339 / 421] CCryptoBoringSSL
[340 / 421] CCryptoBoringSSL
[344 / 421] CCryptoBoringSSL
[345 / 421] CCryptoBoringSSL
[349 / 421] CCryptoBoringSSL
[351 / 421] CCryptoBoringSSL
[354 / 421] CCryptoBoringSSL
[356 / 421] CCryptoBoringSSL
[358 / 421] CCryptoBoringSSL
[361 / 421] CCryptoBoringSSL
[364 / 421] CCryptoBoringSSL
[367 / 421] CCryptoBoringSSL
[372 / 421] CCryptoBoringSSL
[376 / 421] CCryptoBoringSSL
[379 / 421] CCryptoBoringSSL
[380 / 421] CCryptoBoringSSL
[382 / 421] CCryptoBoringSSL
[383 / 421] CCryptoBoringSSL
[385 / 421] CCryptoBoringSSL
[386 / 421] CCryptoBoringSSL
[387 / 421] CCryptoBoringSSL
[389 / 421] CCryptoBoringSSL
[393 / 421] CXKCP
[395 / 421] CXKCP
[401 / 423] CCryptoBoringSSL
[402 / 423] CCryptoBoringSSL
[402 / 423] CXKCP
[404 / 423] CCryptoBoringSSL
[405 / 423] CCryptoBoringSSL
[405 / 423] CryptoBoringWrapper
[413 / 425] Crypto
[421 / 427] Crypto
[421 / 427] LightrayCore
[427 / 427] LightrayCoreProbe-product
Build complete! (84.50 secs)
core_abi_probe.cpp
{"status":"passed","cases":6}
host_abi_probe.cpp
{"status":"passed","lifecycle_cycles":100,"concurrent_callers":4,"host_limit":16,"authenticated_handshakes":3,"nvenc_frames_delivered":360,"udp_sockets":false,"desktop_captured":false}
