{"action": "verify-swift-tests", "status": "passed", "run_id": "76918000-194b-4f17-8a1d-26d12dafc7b1"}
{"action": "verify-swift-tests", "status": "passed", "run_id": "bb982640-3a25-4fd2-8f13-253b51fcd001"}
Swift version 6.4 (swift-6.4-RELEASE)
Target: x86_64-unknown-windows-msvc
Build config: +assertions
Building for production...
[Computing dependencies]
[Constructing description]
[Pre-planning 1ÔÇë/ÔÇë243]
[Planning deferred tasks]
[Constructing 1ÔÇë/ÔÇë828]
[Starting]
[9ÔÇë/ÔÇë421] CryptoBoringWrapper
[33ÔÇë/ÔÇë421] CCryptoBoringSSL
[38ÔÇë/ÔÇë421] CCryptoBoringSSL
[39ÔÇë/ÔÇë421] CCryptoBoringSSL
[40ÔÇë/ÔÇë421] CCryptoBoringSSL
[41ÔÇë/ÔÇë421] CCryptoBoringSSL
[44ÔÇë/ÔÇë421] CCryptoBoringSSL
[47ÔÇë/ÔÇë421] CCryptoBoringSSL
[50ÔÇë/ÔÇë421] CCryptoBoringSSL
[51ÔÇë/ÔÇë421] CCryptoBoringSSL
[53ÔÇë/ÔÇë421] CCryptoBoringSSL
[54ÔÇë/ÔÇë421] CCryptoBoringSSL
[55ÔÇë/ÔÇë421] CCryptoBoringSSL
[56ÔÇë/ÔÇë421] CCryptoBoringSSL
[59ÔÇë/ÔÇë421] CCryptoBoringSSL
[60ÔÇë/ÔÇë421] CCryptoBoringSSL
[61ÔÇë/ÔÇë421] CCryptoBoringSSL
[62ÔÇë/ÔÇë421] CCryptoBoringSSL
[64ÔÇë/ÔÇë421] CCryptoBoringSSL
[66ÔÇë/ÔÇë421] CCryptoBoringSSL
[67ÔÇë/ÔÇë421] CCryptoBoringSSL
[68ÔÇë/ÔÇë421] CCryptoBoringSSL
[69ÔÇë/ÔÇë421] CCryptoBoringSSL
[70ÔÇë/ÔÇë421] CCryptoBoringSSL
[73ÔÇë/ÔÇë421] CCryptoBoringSSL
[75ÔÇë/ÔÇë421] CCryptoBoringSSL
[77ÔÇë/ÔÇë421] CCryptoBoringSSL
[79ÔÇë/ÔÇë421] CCryptoBoringSSL
[82ÔÇë/ÔÇë421] CCryptoBoringSSL
[83ÔÇë/ÔÇë421] CCryptoBoringSSL
[85ÔÇë/ÔÇë421] CCryptoBoringSSL
[86ÔÇë/ÔÇë421] CCryptoBoringSSL
[87ÔÇë/ÔÇë421] CCryptoBoringSSL
[88ÔÇë/ÔÇë421] CCryptoBoringSSL
[89ÔÇë/ÔÇë421] CCryptoBoringSSL
[90ÔÇë/ÔÇë421] CCryptoBoringSSL
[93ÔÇë/ÔÇë421] CCryptoBoringSSL
[94ÔÇë/ÔÇë421] CCryptoBoringSSL
[95ÔÇë/ÔÇë421] CCryptoBoringSSL
[96ÔÇë/ÔÇë421] CCryptoBoringSSL
[98ÔÇë/ÔÇë421] CCryptoBoringSSL
[101ÔÇë/ÔÇë421] CCryptoBoringSSL
[102ÔÇë/ÔÇë421] CCryptoBoringSSL
[103ÔÇë/ÔÇë421] CCryptoBoringSSL
[106ÔÇë/ÔÇë421] CCryptoBoringSSL
[108ÔÇë/ÔÇë421] CCryptoBoringSSL
[109ÔÇë/ÔÇë421] CCryptoBoringSSL
[110ÔÇë/ÔÇë421] CCryptoBoringSSL
[111ÔÇë/ÔÇë421] CCryptoBoringSSL
[113ÔÇë/ÔÇë421] CCryptoBoringSSL
[114ÔÇë/ÔÇë421] CCryptoBoringSSL
[118ÔÇë/ÔÇë421] CCryptoBoringSSL
[119ÔÇë/ÔÇë421] CCryptoBoringSSL
[120ÔÇë/ÔÇë421] CCryptoBoringSSL
[121ÔÇë/ÔÇë421] CCryptoBoringSSL
[122ÔÇë/ÔÇë421] CCryptoBoringSSL
[123ÔÇë/ÔÇë421] CCryptoBoringSSL
[125ÔÇë/ÔÇë421] CCryptoBoringSSL
[126ÔÇë/ÔÇë421] CCryptoBoringSSL
[127ÔÇë/ÔÇë421] CCryptoBoringSSL
[129ÔÇë/ÔÇë421] CCryptoBoringSSL
[130ÔÇë/ÔÇë421] CCryptoBoringSSL
[131ÔÇë/ÔÇë421] CCryptoBoringSSL
[134ÔÇë/ÔÇë421] CCryptoBoringSSL
[136ÔÇë/ÔÇë421] CCryptoBoringSSL
[139ÔÇë/ÔÇë421] CCryptoBoringSSL
[143ÔÇë/ÔÇë421] CCryptoBoringSSL
[145ÔÇë/ÔÇë421] CCryptoBoringSSL
[149ÔÇë/ÔÇë421] CCryptoBoringSSL
[153ÔÇë/ÔÇë421] CCryptoBoringSSL
[155ÔÇë/ÔÇë421] CCryptoBoringSSL
[157ÔÇë/ÔÇë421] CCryptoBoringSSL
[161ÔÇë/ÔÇë421] CCryptoBoringSSL
[163ÔÇë/ÔÇë421] CCryptoBoringSSL
[165ÔÇë/ÔÇë421] CCryptoBoringSSL
[166ÔÇë/ÔÇë421] CCryptoBoringSSL
[167ÔÇë/ÔÇë421] CCryptoBoringSSL
[170ÔÇë/ÔÇë421] CCryptoBoringSSL
[171ÔÇë/ÔÇë421] CCryptoBoringSSL
[174ÔÇë/ÔÇë421] CCryptoBoringSSL
[176ÔÇë/ÔÇë421] CCryptoBoringSSL
[178ÔÇë/ÔÇë421] CCryptoBoringSSL
[180ÔÇë/ÔÇë421] CCryptoBoringSSL
[181ÔÇë/ÔÇë421] CCryptoBoringSSL
[182ÔÇë/ÔÇë421] CCryptoBoringSSL
[183ÔÇë/ÔÇë421] CCryptoBoringSSL
[186ÔÇë/ÔÇë421] CCryptoBoringSSL
[188ÔÇë/ÔÇë421] CCryptoBoringSSL
[189ÔÇë/ÔÇë421] CCryptoBoringSSL
[193ÔÇë/ÔÇë421] CCryptoBoringSSL
[194ÔÇë/ÔÇë421] CCryptoBoringSSL
[195ÔÇë/ÔÇë421] CCryptoBoringSSL
[196ÔÇë/ÔÇë421] CCryptoBoringSSL
[197ÔÇë/ÔÇë421] CCryptoBoringSSL
[198ÔÇë/ÔÇë421] CCryptoBoringSSL
[200ÔÇë/ÔÇë421] CCryptoBoringSSL
[201ÔÇë/ÔÇë421] CCryptoBoringSSL
[202ÔÇë/ÔÇë421] CCryptoBoringSSL
[203ÔÇë/ÔÇë421] CCryptoBoringSSL
[204ÔÇë/ÔÇë421] CCryptoBoringSSL
[205ÔÇë/ÔÇë421] CCryptoBoringSSL
[206ÔÇë/ÔÇë421] CCryptoBoringSSL
[207ÔÇë/ÔÇë421] CCryptoBoringSSL
[209ÔÇë/ÔÇë421] CCryptoBoringSSL
[210ÔÇë/ÔÇë421] CCryptoBoringSSL
[212ÔÇë/ÔÇë421] CCryptoBoringSSL
[215ÔÇë/ÔÇë421] CCryptoBoringSSL
[218ÔÇë/ÔÇë421] CCryptoBoringSSL
[221ÔÇë/ÔÇë421] CCryptoBoringSSL
[223ÔÇë/ÔÇë421] CCryptoBoringSSL
[224ÔÇë/ÔÇë421] CCryptoBoringSSL
[225ÔÇë/ÔÇë421] CCryptoBoringSSL
[226ÔÇë/ÔÇë421] CCryptoBoringSSL
[227ÔÇë/ÔÇë421] CCryptoBoringSSL
[228ÔÇë/ÔÇë421] CCryptoBoringSSL
[231ÔÇë/ÔÇë421] CCryptoBoringSSL
[233ÔÇë/ÔÇë421] CCryptoBoringSSL
[234ÔÇë/ÔÇë421] CCryptoBoringSSL
[236ÔÇë/ÔÇë421] CCryptoBoringSSL
[238ÔÇë/ÔÇë421] CCryptoBoringSSL
[239ÔÇë/ÔÇë421] CCryptoBoringSSL
[242ÔÇë/ÔÇë421] CCryptoBoringSSL
[245ÔÇë/ÔÇë421] CCryptoBoringSSL
[247ÔÇë/ÔÇë421] CCryptoBoringSSL
[249ÔÇë/ÔÇë421] CCryptoBoringSSL
[251ÔÇë/ÔÇë421] CCryptoBoringSSL
[254ÔÇë/ÔÇë421] CCryptoBoringSSL
[256ÔÇë/ÔÇë421] CCryptoBoringSSL
[258ÔÇë/ÔÇë421] CCryptoBoringSSL
[259ÔÇë/ÔÇë421] CCryptoBoringSSL
[261ÔÇë/ÔÇë421] CCryptoBoringSSL
[262ÔÇë/ÔÇë421] CCryptoBoringSSL
[263ÔÇë/ÔÇë421] CCryptoBoringSSL
[265ÔÇë/ÔÇë421] CCryptoBoringSSL
[267ÔÇë/ÔÇë421] CCryptoBoringSSL
[269ÔÇë/ÔÇë421] CCryptoBoringSSL
[271ÔÇë/ÔÇë421] CCryptoBoringSSL
[273ÔÇë/ÔÇë421] CCryptoBoringSSL
[275ÔÇë/ÔÇë421] CCryptoBoringSSL
[277ÔÇë/ÔÇë421] CCryptoBoringSSL
[278ÔÇë/ÔÇë421] CCryptoBoringSSL
[279ÔÇë/ÔÇë421] CCryptoBoringSSL
[281ÔÇë/ÔÇë421] CCryptoBoringSSL
[282ÔÇë/ÔÇë421] CCryptoBoringSSL
[284ÔÇë/ÔÇë421] CCryptoBoringSSL
[285ÔÇë/ÔÇë421] CCryptoBoringSSL
[287ÔÇë/ÔÇë421] CCryptoBoringSSL
[288ÔÇë/ÔÇë421] CCryptoBoringSSL
[289ÔÇë/ÔÇë421] CCryptoBoringSSL
[290ÔÇë/ÔÇë421] CCryptoBoringSSL
[292ÔÇë/ÔÇë421] CCryptoBoringSSL
[293ÔÇë/ÔÇë421] CCryptoBoringSSL
[294ÔÇë/ÔÇë421] CCryptoBoringSSL
[295ÔÇë/ÔÇë421] CCryptoBoringSSL
[297ÔÇë/ÔÇë421] CCryptoBoringSSL
[298ÔÇë/ÔÇë421] CCryptoBoringSSL
[299ÔÇë/ÔÇë421] CCryptoBoringSSL
[301ÔÇë/ÔÇë421] CCryptoBoringSSL
[302ÔÇë/ÔÇë421] CCryptoBoringSSL
[303ÔÇë/ÔÇë421] CCryptoBoringSSL
[304ÔÇë/ÔÇë421] CCryptoBoringSSL
[305ÔÇë/ÔÇë421] CCryptoBoringSSL
[307ÔÇë/ÔÇë421] CCryptoBoringSSL
[308ÔÇë/ÔÇë421] CCryptoBoringSSL
[309ÔÇë/ÔÇë421] CCryptoBoringSSL
[310ÔÇë/ÔÇë421] CCryptoBoringSSL
[312ÔÇë/ÔÇë421] CCryptoBoringSSL
[315ÔÇë/ÔÇë421] CCryptoBoringSSL
[318ÔÇë/ÔÇë421] CCryptoBoringSSL
[319ÔÇë/ÔÇë421] CCryptoBoringSSL
[320ÔÇë/ÔÇë421] CCryptoBoringSSL
[322ÔÇë/ÔÇë421] CCryptoBoringSSL
[324ÔÇë/ÔÇë421] CCryptoBoringSSL
[326ÔÇë/ÔÇë421] CCryptoBoringSSL
[328ÔÇë/ÔÇë421] CCryptoBoringSSL
[330ÔÇë/ÔÇë421] CCryptoBoringSSL
[332ÔÇë/ÔÇë421] CCryptoBoringSSL
[334ÔÇë/ÔÇë421] CCryptoBoringSSL
[335ÔÇë/ÔÇë421] CCryptoBoringSSL
[337ÔÇë/ÔÇë421] CCryptoBoringSSL
[339ÔÇë/ÔÇë421] CCryptoBoringSSL
[340ÔÇë/ÔÇë421] CCryptoBoringSSL
[342ÔÇë/ÔÇë421] CCryptoBoringSSL
[344ÔÇë/ÔÇë421] CCryptoBoringSSL
[345ÔÇë/ÔÇë421] CCryptoBoringSSL
[348ÔÇë/ÔÇë421] CCryptoBoringSSL
[349ÔÇë/ÔÇë421] CCryptoBoringSSL
[351ÔÇë/ÔÇë421] CCryptoBoringSSL
[355ÔÇë/ÔÇë421] CCryptoBoringSSL
[356ÔÇë/ÔÇë421] CCryptoBoringSSL
[358ÔÇë/ÔÇë421] CCryptoBoringSSL
[360ÔÇë/ÔÇë421] CCryptoBoringSSL
[361ÔÇë/ÔÇë421] CCryptoBoringSSL
[362ÔÇë/ÔÇë421] CCryptoBoringSSL
[365ÔÇë/ÔÇë421] CCryptoBoringSSL
[366ÔÇë/ÔÇë421] CCryptoBoringSSL
[367ÔÇë/ÔÇë421] CCryptoBoringSSL
[368ÔÇë/ÔÇë421] CCryptoBoringSSL
[370ÔÇë/ÔÇë421] CCryptoBoringSSL
[373ÔÇë/ÔÇë421] CCryptoBoringSSL
[377ÔÇë/ÔÇë421] CCryptoBoringSSL
[378ÔÇë/ÔÇë421] CCryptoBoringSSL
[379ÔÇë/ÔÇë421] CCryptoBoringSSL
[380ÔÇë/ÔÇë421] CCryptoBoringSSL
[383ÔÇë/ÔÇë421] CCryptoBoringSSL
[385ÔÇë/ÔÇë421] CCryptoBoringSSL
[386ÔÇë/ÔÇë421] CCryptoBoringSSL
[387ÔÇë/ÔÇë421] CCryptoBoringSSL
[389ÔÇë/ÔÇë421] CCryptoBoringSSL
[391ÔÇë/ÔÇë421] CXKCP
[393ÔÇë/ÔÇë421] CXKCP
[395ÔÇë/ÔÇë421] CXKCP
[401ÔÇë/ÔÇë423] swift-crypto_CXKCP
[402ÔÇë/ÔÇë423] CCryptoBoringSSL
[402ÔÇë/ÔÇë423] CXKCP
[404ÔÇë/ÔÇë423] CCryptoBoringSSL
[405ÔÇë/ÔÇë423] CCryptoBoringSSL
[405ÔÇë/ÔÇë423] CryptoBoringWrapper
[411ÔÇë/ÔÇë425] Crypto
[413ÔÇë/ÔÇë425] Crypto
[421ÔÇë/ÔÇë427] Crypto
[421ÔÇë/ÔÇë427] LightrayCore
[427ÔÇë/ÔÇë427] LightrayCoreProbe-product
Build complete! (134.34 secs)
core_abi_probe.cpp
{"status":"passed","cases":6}
host_abi_probe.cpp
nvenc_encoder.cpp
Generating Code...
{"status":"passed","lifecycle_cycles":100,"concurrent_callers":4,"host_limit":16,"authenticated_handshakes":3,"nvenc_frames_delivered":360,"udp_sockets":false,"live_nvenc":false,"datagrams_sent":0,"datagrams_received":0,"clock":"simulated","desktop_captured":false}
