[D3D11VA @ 0000020b37527380] Selecting d3d11va adapter 0
[D3D11VA @ 0000020b37527380] Using device 10de:2684 (NVIDIA GeForce RTX 4090).
Input #0, hevc, from '<CHECKOUT>\tools\windows\reference\videotoolbox-ltr-ack-every-250ms.hevc':
  Duration: N/A, bitrate: N/A
  Stream #0:0: Video: hevc (Main), 1 reference frame, yuv420p(tv, left), 1920x1080, 25 fps, 1200k tbr, 1200k tbn
[out#0/framehash @ 0000020b7e493e00] Adding streams from explicit maps...
[vost#0:0/rawvideo @ 0000020b7e7c9780] Created video stream from input stream 0:0
Stream mapping:
  Stream #0:0 -> #0:0 (hevc (native) -> rawvideo (native))
[vost#0:0/rawvideo @ 0000020b7e7c9780] Starting thread...
[vf#0:0 @ 0000020b7e7bf400] Starting thread...
[vist#0:0/hevc @ 0000020b3752eb00] [dec:hevc @ 0000020b7e7bf940] Starting thread...
[in#0/hevc @ 0000020b3752d3c0] Starting thread...
[hevc @ 0000020b3753e7c0] Decoder GUIDs reported as supported:
[hevc @ 0000020b3753e7c0] {86695f12-340e-4f04-9fd3-9253dd327460} 103 106
[hevc @ 0000020b3753e7c0] {ee27417f-5e28-4e65-beea-1d26b508adc9} 103 106
[hevc @ 0000020b3753e7c0] {6f3ec719-3735-42cc-8063-65cc3cb36616} 103 106
[hevc @ 0000020b3753e7c0] {1b81bea4-a0c7-11d3-b984-00c04f2e73c5} 103 106
[hevc @ 0000020b3753e7c0] {1b81bea3-a0c7-11d3-b984-00c04f2e73c5} 103 106
[hevc @ 0000020b3753e7c0] {32fcfe3f-de46-4a49-861b-ac71110649d5} 103 106
[hevc @ 0000020b3753e7c0] {d79be8da-0cf1-4c81-b82a-69a4e236f43d} 103 106
[hevc @ 0000020b3753e7c0] {f9aaccbb-c2b6-4cfc-8779-5707b1760552} 103 106
[hevc @ 0000020b3753e7c0] {1b81be68-a0c7-11d3-b984-00c04f2e73c5} 103 106
[hevc @ 0000020b3753e7c0] {5b11d51b-2f4c-4452-bcc3-09f2a1160cc0} 103 106
[hevc @ 0000020b3753e7c0] {107af0e0-ef1a-4d19-aba8-67a163073d13} 104 106
[hevc @ 0000020b3753e7c0] {1a72925f-0c2c-4f15-96fb-b17d1473603f} 104 106
[hevc @ 0000020b3753e7c0] {15df9b21-06c4-47f1-841e-a67c97d7f312} 103 106
[hevc @ 0000020b3753e7c0] {4008018f-f537-4b36-98cf-61af8a2c1a33} 100 106
[hevc @ 0000020b3753e7c0] {0dabeffa-4458-4602-bc03-0795659d617c} 101 106
[hevc @ 0000020b3753e7c0] {9798634d-fe9d-48e5-b4da-dbec45b3df01} 102 106
[hevc @ 0000020b3753e7c0] {efd64d74-c9e8-41d7-a5e9-e9b0e39fa319} 103 106
[hevc @ 0000020b3753e7c0] {ed418a9f-010d-4eda-9ae3-9a65358d8d2e} 103 106
[hevc @ 0000020b3753e7c0] {9947ec6f-689b-11dc-a320-0019dbbc4184} 103 106
[hevc @ 0000020b3753e7c0] {33fcfe41-de46-4a49-861b-ac71110649d5} 103 106 107
[hevc @ 0000020b3753e7c0] {463707f8-a1d0-4585-876d-83aa6d60b89e} 103 106
[hevc @ 0000020b3753e7c0] {a4c749ef-6ecf-48aa-8448-50a7a1165ff7} 104 106
[hevc @ 0000020b3753e7c0] {dda19dc7-93b5-49f5-a9b3-2bda28a2ce6e} 104 106
[hevc @ 0000020b3753e7c0] {b8be4ccb-cf53-46ba-8d59-d6b8a6da5d2a} 103 104 106
[hevc @ 0000020b3753e7c0] {6affd11e-1d96-42b1-a215-93a31f09a53d} 103 106
[hevc @ 0000020b3753e7c0] {914c84a3-4078-4fa9-984c-e2f262cb5c9c} 103 106
[hevc @ 0000020b3753e7c0] {8a1a1031-29bc-46d0-a007-e9b092ca6767} 103 106
[graph -1 input from stream 0:0 @ 0000020b7e9e8e00] w:1920 h:1080 pixfmt:d3d11 tb:1/1200000 fr:25/1 sar:0/1 csp:unknown range:tv alpha:unspecified
[auto_scale_0 @ 0000020b7e3ce300] w:iw h:ih flags:'' interl:0
[Parsed_format_2 @ 0000020b7e9e8d00] auto-inserting filter 'auto_scale_0' between the filter 'Parsed_format_1' and the filter 'Parsed_format_2'
[auto_scale_0 @ 0000020b7e3ce300] w:1920 h:1080 fmt:nv12 csp:unknown range:tv sar:0/1 -> w:1920 h:1080 fmt:yuv420p csp:unknown range:tv sar:0/1 flags:0x00000004
[auto_scale_0 @ 0000020b7e3ce300] [framesync @ 0000020b7e3cec50] Selected 1/1200000 time base
[auto_scale_0 @ 0000020b7e3ce300] [framesync @ 0000020b7e3cec50] Sync level 1
[graph -1 input from stream 0:0 @ 0000020b7e9e8e00] video frame properties congruent with link at pts_time: 0
Output #0, framehash, to 'tools\windows\results\windows-d3d11va-002\videotoolbox-ltr-ack-every-250ms.framehash':
  Metadata:
    encoder         : Lavf62.12.100
  Stream #0:0: Video: rawvideo, 1 reference frame (I420 / 0x30323449), yuv420p(tv, progressive), 1920x1080, q=2-31, 622080 kb/s, 25 fps, 25 tbn
    Metadata:
      encoder         : Lavc62.28.100 rawvideo
[out#0/framehash @ 0000020b7e493e00] Starting thread...
frame=   52 fps=0.0 q=-0.0 size=       6KiB time=00:00:02.36 bitrate=  20.1kbits/s speed=4.64x elapsed=0:00:00.50    
[in#0/hevc @ 0000020b3752d3c0] EOF while reading input
[in#0/hevc @ 0000020b3752d3c0] Terminating thread with return code 0 (success)
[vist#0:0/hevc @ 0000020b3752eb00] [dec:hevc @ 0000020b7e7bf940] Decoder thread received EOF packet
[vist#0:0/hevc @ 0000020b3752eb00] [dec:hevc @ 0000020b7e7bf940] Decoder returned EOF, finishing
[vist#0:0/hevc @ 0000020b3752eb00] [dec:hevc @ 0000020b7e7bf940] Terminating thread with return code 0 (success)
[auto_scale_0 @ 0000020b7e3ce300] [framesync @ 0000020b7e3cec50] Sync level 0
[vf#0:0 @ 0000020b7e7bf400] Filtergraph returned EOF, finishing
[vf#0:0 @ 0000020b7e7bf400] All consumers returned EOF
[vf#0:0 @ 0000020b7e7bf400] Terminating thread with return code 0 (success)
frame=  110 fps=107 q=-0.0 size=      12KiB time=00:00:04.68 bitrate=  21.2kbits/s speed=4.57x elapsed=0:00:01.02    
[vost#0:0/rawvideo @ 0000020b7e7c9780] [enc:rawvideo @ 0000020b7e491500] Encoder thread received EOF
[vost#0:0/rawvideo @ 0000020b7e7c9780] Terminating thread with return code 0 (success)
[out#0/framehash @ 0000020b7e493e00] All streams finished
[out#0/framehash @ 0000020b7e493e00] Terminating thread with return code 0 (success)
[AVIOContext @ 0000020b7e7752c0] Statistics: 13660 bytes written, 0 seeks, 1 writeouts
[out#0/framehash @ 0000020b7e493e00] Output file #0 (tools\windows\results\windows-d3d11va-002\videotoolbox-ltr-ack-every-250ms.framehash):
[out#0/framehash @ 0000020b7e493e00]   Output stream #0:0 (video): 120 frames encoded; 120 packets muxed (373248000 bytes); 
[out#0/framehash @ 0000020b7e493e00]   Total: 120 packets (373248000 bytes) muxed
[out#0/framehash @ 0000020b7e493e00] video:364500KiB audio:0KiB subtitle:0KiB other streams:0KiB global headers:0KiB muxing overhead: unknown
frame=  120 fps=108 q=-0.0 Lsize=      13KiB time=00:00:04.76 bitrate=  23.0kbits/s speed=4.27x elapsed=0:00:01.11    
[in#0/hevc @ 0000020b3752d3c0] Input file #0 (<CHECKOUT>\tools\windows\reference\videotoolbox-ltr-ack-every-250ms.hevc):
[in#0/hevc @ 0000020b3752d3c0]   Input stream #0:0 (video): 120 packets read (496370 bytes); 120 frames decoded; 0 decode errors; 
[in#0/hevc @ 0000020b3752d3c0]   Total: 120 packets (496370 bytes) demuxed
[AVIOContext @ 0000020b37536600] Statistics: 496370 bytes read, 0 seeks

Exiting with exit code 0
