Building for production...
[Planning deferred tasks]
[26 / 51] LightrayCore
[37 / 89]
[42 / 89]
[47 / 89]
[52 / 89]
[56 / 89]
[60 / 89]
[62 / 89]
[63 / 89]
[65 / 89] LightrayCore
[72 / 90] LightrayCore
[73 / 90] LightrayMac
[83 / 140]
[86 / 140]
[94 / 140]
[97 / 140]
[102 / 140]
[106 / 140]
[111 / 140]
[114 / 140]
[115 / 140]
[120 / 140]
[122 / 140]
[124 / 140] LightrayMac
[132 / 142] lightray-client-product
[147 / 167] lightray-host-product
[149 / 169] lightray-host-product
[152 / 169]
[154 / 169]
[155 / 169]
[158 / 169]
[161 / 169] lightray-client-product
[163 / 169] lightray-host-product
[165 / 169] lightray-client-product
[167 / 169] lightray-client-product
Build complete! (15,98 seg)
