Fetching https://github.com/apple/swift-crypto.git from cache
Fetching https://github.com/apple/swift-asn1.git from cache
Fetched https://github.com/apple/swift-asn1.git from cache (0.02s)
Fetched https://github.com/apple/swift-crypto.git from cache (0.02s)
Creating working copy for https://github.com/apple/swift-asn1.git
Creating working copy for https://github.com/apple/swift-crypto.git
Working copy of https://github.com/apple/swift-asn1.git resolved at 1.7.3
Working copy of https://github.com/apple/swift-crypto.git resolved at a9d1d5ab8951ada40cafff8c8e2b551dfde4f390
Building for debugging...
[Pre-planning 1 / 184]
[62 / 101]
[63 / 102] Crypto
[72 / 155]
[78 / 155]
[83 / 155]
[88 / 155]
[92 / 155]
[96 / 155]
[98 / 155]
[99 / 155]
[109 / 155] Crypto
[123 / 156]
[125 / 156] LightrayCore
[134 / 172] LightrayCore
[137 / 172] LightrayCore
[147 / 172] LightrayCoreTests-product
[151 / 172] LightrayCore
[159 / 173] LightrayCoreProbe-product
[163 / 186]
[173 / 186] LightrayCoreTests-product
error: SwiftCompile normal arm64 /Users/vhccruz/Dev/lightray/tools/windows/results/swift-core-002/macos/Tests/LightrayCoreTests/HostBridgeTests.swift failed with a nonzero exit code. Command line:     cd /Users/vhccruz/Dev/lightray/tools/windows/results/swift-core-002
    builtin-SwiftPerFileCompile HostBridgeTests.swift
/Users/vhccruz/Dev/lightray/tools/windows/results/swift-core-002/macos/Tests/LightrayCoreTests/HostBridgeTests.swift:105:53: error: missing argument label 'id:' in call
103 |         let link = BridgeLink(); link.connect()
104 |         link.clientAddress.port = 51000
105 |         link.client.session?.connection.queue(.ping(123))
    |                                                     `- error: missing argument label 'id:' in call
106 |         link.pump()
107 |         #expect(bridgeClose(link.handle, link.now) == 0)
Failed frontend command:
/Applications/Xcode.app/Contents/Developer/Toolchains/XcodeDefault.xctoolchain/usr/bin/swift-frontend -frontend -c /Users/vhccruz/Dev/lightray/tools/windows/results/swift-core-002/macos/.build/out/Intermediates.noindex/LightrayCoreProbe.build/Debug/LightrayCoreTests-p.build/DerivedSources/resource_bundle_accessor.swift /Users/vhccruz/Dev/lightray/tools/windows/results/swift-core-002/macos/.build/out/Intermediates.noindex/LightrayCoreProbe.build/Debug/LightrayCoreTests-p.build/DerivedSources/test_entry_point.swift /Users/vhccruz/Dev/lightray/tools/windows/results/swift-core-002/macos/Tests/LightrayCoreTests/DecodeQueueTests.swift /Users/vhccruz/Dev/lightray/tools/windows/results/swift-core-002/macos/Tests/LightrayCoreTests/FECTests.swift -primary-file /Users/vhccruz/Dev/lightray/tools/windows/results/swift-core-002/macos/Tests/LightrayCoreTests/HostBridgeTests.swift /Users/vhccruz/Dev/lightray/tools/windows/results/swift-core-002/macos/Tests/LightrayCoreTests/MediaTests.swift /Users/vhccruz/Dev/lightray/tools/windows/results/swift-core-002/macos/Tests/LightrayCoreTests/MemoryTests.swift /Users/vhccruz/Dev/lightray/tools/windows/results/swift-core-002/macos/Tests/LightrayCoreTests/SessionTests.swift /Users/vhccruz/Dev/lightray/tools/windows/results/swift-core-002/macos/Tests/LightrayCoreTests/VectorTests.swift /Users/vhccruz/Dev/lightray/tools/windows/results/swift-core-002/macos/Tests/LightrayCoreTests/WireTests.swift -emit-dependencies-path /Users/vhccruz/Dev/lightray/tools/windows/results/swift-core-002/macos/.build/out/Intermediates.noindex/LightrayCoreProbe.build/Debug/LightrayCoreTests-p.build/Objects-normal/arm64/HostBridgeTests.d -emit-const-values-path /Users/vhccruz/Dev/lightray/tools/windows/results/swift-core-002/macos/.build/out/Intermediates.noindex/LightrayCoreProbe.build/Debug/LightrayCoreTests-p.build/Objects-normal/arm64/HostBridgeTests.swiftconstvalues -emit-reference-dependencies-path /Users/vhccruz/Dev/lightray/tools/windows/results/swift-core-002/macos/.build/out/Intermediates.noindex/LightrayCoreProbe.build/Debug/LightrayCoreTests-p.build/Objects-normal/arm64/HostBridgeTests.swiftdeps -serialize-diagnostics-path /Users/vhccruz/Dev/lightray/tools/windows/results/swift-core-002/macos/.build/out/Intermediates.noindex/LightrayCoreProbe.build/Debug/LightrayCoreTests-p.build/Objects-normal/arm64/HostBridgeTests.dia -target arm64-apple-macos14.0 -module-can-import-version Testing 2084 0 -module-can-import-version XCTest 25228 0 -disable-cross-import-overlay-search -swift-module-cross-import Testing /Applications/Xcode.app/Contents/Developer/Platforms/MacOSX.platform/Developer/Library/Frameworks/Testing.framework/Modules/Testing.swiftcrossimport/AppKit.swiftoverlay -swift-module-cross-import Testing /Applications/Xcode.app/Contents/Developer/Platforms/MacOSX.platform/Developer/Library/Frameworks/Testing.framework/Modules/Testing.swiftcrossimport/CoreGraphics.swiftoverlay -swift-module-cross-import Testing /Applications/Xcode.app/Contents/Developer/Platforms/MacOSX.platform/Developer/Library/Frameworks/Testing.framework/Modules/Testing.swiftcrossimport/CoreImage.swiftoverlay -swift-module-cross-import Testing /Applications/Xcode.app/Contents/Developer/Platforms/MacOSX.platform/Developer/Library/Frameworks/Testing.framework/Modules/Testing.swiftcrossimport/CoreTransferable.swiftoverlay -swift-module-cross-import Testing /Applications/Xcode.app/Contents/Developer/Platforms/MacOSX.platform/Developer/Library/Frameworks/Testing.framework/Modules/Testing.swiftcrossimport/Foundation.swiftoverlay -load-resolved-plugin /Applications/Xcode.app/Contents/Developer/Platforms/MacOSX.platform/Developer/usr/lib/swift/host/plugins/libFoundationMacros.dylib\#/Applications/Xcode.app/Contents/Developer/Platforms/MacOSX.platform/Developer/usr/bin/swift-plugin-server\#FoundationMacros -load-resolved-plugin /Applications/Xcode.app/Contents/Developer/Platforms/MacOSX.platform/Developer/usr/lib/swift/host/plugins/libObservationMacros.dylib\#/Applications/Xcode.app/Contents/Developer/Platforms/MacOSX.platform/Developer/usr/bin/swift-plugin-server\#ObservationMacros -load-resolved-plugin /Applications/Xcode.app/Contents/Developer/Platforms/MacOSX.platform/Developer/usr/lib/swift/host/plugins/libSwiftMacros.dylib\#/Applications/Xcode.app/Contents/Developer/Platforms/MacOSX.platform/Developer/usr/bin/swift-plugin-server\#SwiftMacros -load-resolved-plugin /Applications/Xcode.app/Contents/Developer/Toolchains/XcodeDefault.xctoolchain/usr/lib/swift/host/plugins/testing/libTestingMacros.dylib\#\#TestingMacros -disable-implicit-swift-modules -Xcc -fno-implicit-modules -Xcc -fno-implicit-module-maps -explicit-swift-module-map-file /Users/vhccruz/Dev/lightray/tools/windows/results/swift-core-002/macos/.build/out/Intermediates.noindex/LightrayCoreProbe.build/Debug/LightrayCoreTests-p.build/Objects-normal/arm64/LightrayCoreTests-dependencies-1.json -Xllvm -aarch64-use-tbi -enable-objc-interop -stack-check -sdk /Applications/Xcode.app/Contents/Developer/Platforms/MacOSX.platform/Developer/SDKs/MacOSX27.0.sdk -I /Users/vhccruz/Dev/lightray/tools/windows/results/swift-core-002/macos/.build/out/Products/Debug -Isystem /Applications/Xcode.app/Contents/Developer/Platforms/MacOSX.platform/Developer/usr/lib -F /Users/vhccruz/Dev/lightray/tools/windows/results/swift-core-002/macos/.build/out/Products/Debug/PackageFrameworks -F /Users/vhccruz/Dev/lightray/tools/windows/results/swift-core-002/macos/.build/out/Products/Debug -F /Applications/Xcode.app/Contents/Developer/Platforms/MacOSX.platform/Developer/Library/Frameworks -module-cache-path /Users/vhccruz/Dev/lightray/tools/windows/results/swift-core-002/macos/.build/out/Intermediates.noindex/SwiftExplicitPrecompiledModules -no-color-diagnostics -Xcc -fno-color-diagnostics -enable-testing -g -debug-info-format\=dwarf -dwarf-version\=4 -swift-version 6 -Onone -D SWIFT_PACKAGE -D DEBUG -D SWIFT_MODULE_RESOURCE_BUNDLE_AVAILABLE -D Xcode -serialize-debugging-options -enable-experimental-feature DebugDescriptionMacro -empty-abi-descriptor -validate-clang-modules-once -clang-build-session-file /Users/vhccruz/Dev/lightray/tools/windows/results/swift-core-002/macos/.build/out/ModuleCache.noindex/Session.modulevalidation -Xcc -working-directory -Xcc /Users/vhccruz/Dev/lightray/tools/windows/results/swift-core-002 -enable-anonymous-context-mangled-names -file-compilation-dir /Users/vhccruz/Dev/lightray/tools/windows/results/swift-core-002 -Xcc -D_LIBCPP_HARDENING_MODE\=_LIBCPP_HARDENING_MODE_DEBUG -Xcc -ivfsstatcache -Xcc /Users/vhccruz/Dev/lightray/tools/windows/results/swift-core-002/macos/.build/out/SDKStatCaches.noindex/macosx27.0-26A425-a0facfad118c1a7a18f0aad9463f65497231f6df4def33e022ae2eb8f782df1a.sdkstatcache -Xcc -fmodules-prune-interval\=86400 -Xcc -fmodules-prune-after\=345600 -Xcc -I/Users/vhccruz/Dev/lightray/tools/windows/results/swift-core-002/macos/.build/out/Products/Debug/include -Xcc -I/Users/vhccruz/Dev/lightray/tools/windows/results/swift-core-002/macos/.build/out/Intermediates.noindex/LightrayCoreProbe.build/Debug/LightrayCoreTests-p.build/DerivedSources-normal/arm64 -Xcc -I/Users/vhccruz/Dev/lightray/tools/windows/results/swift-core-002/macos/.build/out/Intermediates.noindex/LightrayCoreProbe.build/Debug/LightrayCoreTests-p.build/DerivedSources/arm64 -Xcc -I/Users/vhccruz/Dev/lightray/tools/windows/results/swift-core-002/macos/.build/out/Intermediates.noindex/LightrayCoreProbe.build/Debug/LightrayCoreTests-p.build/DerivedSources -Xcc -DSWIFT_PACKAGE -Xcc -DDEBUG\=1 -no-auto-bridging-header-chaining -module-name LightrayCoreTests -package-name macos -const-gather-protocols-file /Users/vhccruz/Dev/lightray/tools/windows/results/swift-core-002/macos/.build/out/Intermediates.noindex/LightrayCoreProbe.build/Debug/LightrayCoreTests-p.build/Objects-normal/arm64/LightrayCoreTests_const_extract_protocols.json -disable-clang-spi -clang-target arm64-apple-macos27.0 -target-sdk-version 27.0 -target-sdk-name macosx27.0 -in-process-plugin-server-path /Applications/Xcode.app/Contents/Developer/Toolchains/XcodeDefault.xctoolchain/usr/lib/swift/host/libSwiftInProcPluginServer.dylib -parse-as-library -o /Users/vhccruz/Dev/lightray/tools/windows/results/swift-core-002/macos/.build/out/Intermediates.noindex/LightrayCoreProbe.build/Debug/LightrayCoreTests-p.build/Objects-normal/arm64/HostBridgeTests.o -debug-module-path /Users/vhccruz/Dev/lightray/tools/windows/results/swift-core-002/macos/.build/out/Intermediates.noindex/LightrayCoreProbe.build/Debug/LightrayCoreTests-p.build/Objects-normal/arm64/LightrayCoreTests.swiftmodule -index-unit-output-path /LightrayCoreProbe.build/Debug/LightrayCoreTests-p.build/Objects-normal/arm64/HostBridgeTests.o -index-store-path /Users/vhccruz/Dev/lightray/tools/windows/results/swift-core-002/macos/.build/out -index-system-modules
error: Build failed
error: fatalError
